08-Apr-25 13:31:30 INFO     Execution of Extraction of Celex Number - Started
08-Apr-25 13:31:36 INFO     Execution of Extraction of Celex Number - Ended
08-Apr-25 13:31:39 INFO     [32023D2523][BG] PDF saved.
08-Apr-25 13:31:42 INFO     [32023D2523][ES] PDF saved.
08-Apr-25 13:31:46 INFO     [32023D2523][CS] PDF saved.
08-Apr-25 13:31:51 INFO     [32023D2523][DA] PDF saved.
08-Apr-25 13:31:56 INFO     [32023D2523][DE] PDF saved.
08-Apr-25 13:31:59 INFO     [32023D2523][ET] PDF saved.
08-Apr-25 13:32:02 INFO     [32023D2523][EL] PDF saved.
08-Apr-25 13:32:06 INFO     [32023D2523][EN] PDF saved.
08-Apr-25 13:32:09 INFO     [32023D2523][FR] PDF saved.
08-Apr-25 13:32:12 INFO     [32023D2523][GA] PDF saved.
08-Apr-25 13:32:16 INFO     [32023D2523][HR] PDF saved.
08-Apr-25 13:32:19 INFO     [32023D2523][IT] PDF saved.
08-Apr-25 13:32:22 INFO     [32023D2523][LV] PDF saved.
08-Apr-25 13:32:26 INFO     [32023D2523][LT] PDF saved.
08-Apr-25 13:32:30 INFO     [32023D2523][HU] PDF saved.
08-Apr-25 13:32:34 INFO     [32023D2523][MT] PDF saved.
08-Apr-25 13:32:38 INFO     [32023D2523][NL] PDF saved.
08-Apr-25 13:32:41 INFO     [32023D2523][PL] PDF saved.
08-Apr-25 13:32:44 INFO     [32023D2523][PT] PDF saved.
08-Apr-25 13:32:48 INFO     [32023D2523][RO] PDF saved.
08-Apr-25 13:32:51 INFO     [32023D2523][SK] PDF saved.
08-Apr-25 13:32:55 INFO     [32023D2523][SL] PDF saved.
08-Apr-25 13:32:58 INFO     [32023D2523][FI] PDF saved.
08-Apr-25 13:33:01 INFO     [32023D2523][SV] PDF saved.
08-Apr-25 13:33:05 INFO     [32023D2520][BG] PDF saved.
08-Apr-25 13:33:08 INFO     [32023D2520][ES] PDF saved.
08-Apr-25 13:33:11 INFO     [32023D2520][CS] PDF saved.
08-Apr-25 13:33:15 INFO     [32023D2520][DA] PDF saved.
08-Apr-25 13:33:18 INFO     [32023D2520][DE] PDF saved.
08-Apr-25 13:33:21 INFO     [32023D2520][ET] PDF saved.
08-Apr-25 13:33:25 INFO     [32023D2520][EL] PDF saved.
08-Apr-25 13:33:28 INFO     [32023D2520][EN] PDF saved.
08-Apr-25 13:33:32 INFO     [32023D2520][FR] PDF saved.
08-Apr-25 13:33:35 INFO     [32023D2520][GA] PDF saved.
08-Apr-25 13:33:39 INFO     [32023D2520][HR] PDF saved.
08-Apr-25 13:33:42 INFO     [32023D2520][IT] PDF saved.
08-Apr-25 13:33:46 INFO     [32023D2520][LV] PDF saved.
08-Apr-25 13:33:49 INFO     [32023D2520][LT] PDF saved.
08-Apr-25 13:33:53 INFO     [32023D2520][HU] PDF saved.
08-Apr-25 13:33:56 INFO     [32023D2520][MT] PDF saved.
08-Apr-25 13:33:59 INFO     [32023D2520][NL] PDF saved.
08-Apr-25 13:34:03 INFO     [32023D2520][PL] PDF saved.
08-Apr-25 13:34:06 INFO     [32023D2520][PT] PDF saved.
08-Apr-25 13:34:10 INFO     [32023D2520][RO] PDF saved.
08-Apr-25 13:34:13 INFO     [32023D2520][SK] PDF saved.
08-Apr-25 13:34:17 INFO     [32023D2520][SL] PDF saved.
08-Apr-25 13:34:20 INFO     [32023D2520][FI] PDF saved.
08-Apr-25 13:34:23 INFO     [32023D2520][SV] PDF saved.
08-Apr-25 13:34:26 INFO     [32023D2521][BG] PDF saved.
08-Apr-25 13:34:30 INFO     [32023D2521][ES] PDF saved.
08-Apr-25 13:34:33 INFO     [32023D2521][CS] PDF saved.
08-Apr-25 13:34:37 INFO     [32023D2521][DA] PDF saved.
08-Apr-25 13:34:40 INFO     [32023D2521][DE] PDF saved.
08-Apr-25 13:34:43 INFO     [32023D2521][ET] PDF saved.
08-Apr-25 13:34:47 INFO     [32023D2521][EL] PDF saved.
08-Apr-25 13:34:50 INFO     [32023D2521][EN] PDF saved.
08-Apr-25 13:34:53 INFO     [32023D2521][FR] PDF saved.
08-Apr-25 13:34:57 INFO     [32023D2521][GA] PDF saved.
08-Apr-25 13:35:00 INFO     [32023D2521][HR] PDF saved.
08-Apr-25 13:35:03 INFO     [32023D2521][IT] PDF saved.
08-Apr-25 13:35:06 INFO     [32023D2521][LV] PDF saved.
08-Apr-25 13:35:10 INFO     [32023D2521][LT] PDF saved.
08-Apr-25 13:35:13 INFO     [32023D2521][HU] PDF saved.
08-Apr-25 13:35:16 INFO     [32023D2521][MT] PDF saved.
08-Apr-25 13:35:20 INFO     [32023D2521][NL] PDF saved.
08-Apr-25 13:35:23 INFO     [32023D2521][PL] PDF saved.
08-Apr-25 13:35:26 INFO     [32023D2521][PT] PDF saved.
08-Apr-25 13:35:29 INFO     [32023D2521][RO] PDF saved.
08-Apr-25 13:35:33 INFO     [32023D2521][SK] PDF saved.
08-Apr-25 13:35:36 INFO     [32023D2521][SL] PDF saved.
08-Apr-25 13:35:39 INFO     [32023D2521][FI] PDF saved.
08-Apr-25 13:35:42 INFO     [32023D2521][SV] PDF saved.
08-Apr-25 13:35:46 INFO     [32023D2522][BG] PDF saved.
08-Apr-25 13:35:49 INFO     [32023D2522][ES] PDF saved.
08-Apr-25 13:35:52 INFO     [32023D2522][CS] PDF saved.
08-Apr-25 13:35:55 INFO     [32023D2522][DA] PDF saved.
08-Apr-25 13:35:59 INFO     [32023D2522][DE] PDF saved.
08-Apr-25 13:36:02 INFO     [32023D2522][ET] PDF saved.
08-Apr-25 13:36:05 INFO     [32023D2522][EL] PDF saved.
08-Apr-25 13:36:08 INFO     [32023D2522][EN] PDF saved.
08-Apr-25 13:36:12 INFO     [32023D2522][FR] PDF saved.
08-Apr-25 13:36:15 INFO     [32023D2522][GA] PDF saved.
08-Apr-25 13:36:19 INFO     [32023D2522][HR] PDF saved.
08-Apr-25 13:36:22 INFO     [32023D2522][IT] PDF saved.
08-Apr-25 13:36:25 INFO     [32023D2522][LV] PDF saved.
08-Apr-25 13:36:28 INFO     [32023D2522][LT] PDF saved.
08-Apr-25 13:36:31 INFO     [32023D2522][HU] PDF saved.
08-Apr-25 13:36:35 INFO     [32023D2522][MT] PDF saved.
08-Apr-25 13:36:38 INFO     [32023D2522][NL] PDF saved.
08-Apr-25 13:36:41 INFO     [32023D2522][PL] PDF saved.
08-Apr-25 13:36:44 INFO     [32023D2522][PT] PDF saved.
08-Apr-25 13:36:47 INFO     [32023D2522][RO] PDF saved.
08-Apr-25 13:36:50 INFO     [32023D2522][SK] PDF saved.
08-Apr-25 13:36:54 INFO     [32023D2522][SL] PDF saved.
08-Apr-25 13:36:57 INFO     [32023D2522][FI] PDF saved.
08-Apr-25 13:37:00 INFO     [32023D2522][SV] PDF saved.
08-Apr-25 13:37:03 INFO     [32023D1662][BG] PDF saved.
08-Apr-25 13:37:06 INFO     [32023D1662][ES] PDF saved.
08-Apr-25 13:37:09 INFO     [32023D1662][CS] PDF saved.
08-Apr-25 13:37:12 INFO     [32023D1662][DA] PDF saved.
08-Apr-25 13:37:15 INFO     [32023D1662][DE] PDF saved.
08-Apr-25 13:37:18 INFO     [32023D1662][ET] PDF saved.
08-Apr-25 13:37:21 INFO     [32023D1662][EL] PDF saved.
08-Apr-25 13:37:24 INFO     [32023D1662][EN] PDF saved.
08-Apr-25 13:37:27 INFO     [32023D1662][FR] PDF saved.
08-Apr-25 13:37:30 INFO     [32023D1662][GA] PDF saved.
08-Apr-25 13:37:33 INFO     [32023D1662][HR] PDF saved.
08-Apr-25 13:37:36 INFO     [32023D1662][IT] PDF saved.
08-Apr-25 13:37:39 INFO     [32023D1662][LV] PDF saved.
08-Apr-25 13:37:42 INFO     [32023D1662][LT] PDF saved.
08-Apr-25 13:37:45 INFO     [32023D1662][HU] PDF saved.
08-Apr-25 13:37:48 INFO     [32023D1662][MT] PDF saved.
08-Apr-25 13:37:51 INFO     [32023D1662][NL] PDF saved.
08-Apr-25 13:37:54 INFO     [32023D1662][PL] PDF saved.
08-Apr-25 13:37:57 INFO     [32023D1662][PT] PDF saved.
08-Apr-25 13:38:00 INFO     [32023D1662][RO] PDF saved.
08-Apr-25 13:38:03 INFO     [32023D1662][SK] PDF saved.
08-Apr-25 13:38:06 INFO     [32023D1662][SL] PDF saved.
08-Apr-25 13:38:09 INFO     [32023D1662][FI] PDF saved.
08-Apr-25 13:38:12 INFO     [32023D1662][SV] PDF saved.
08-Apr-25 13:38:15 INFO     [32023D1487][BG] PDF saved.
08-Apr-25 13:38:17 INFO     [32023D1487][ES] PDF saved.
08-Apr-25 13:38:20 INFO     [32023D1487][CS] PDF saved.
08-Apr-25 13:38:23 INFO     [32023D1487][DA] PDF saved.
08-Apr-25 13:38:26 INFO     [32023D1487][DE] PDF saved.
08-Apr-25 13:38:29 INFO     [32023D1487][ET] PDF saved.
08-Apr-25 13:38:32 INFO     [32023D1487][EL] PDF saved.
08-Apr-25 13:38:35 INFO     [32023D1487][EN] PDF saved.
08-Apr-25 13:38:38 INFO     [32023D1487][FR] PDF saved.
08-Apr-25 13:38:41 INFO     [32023D1487][GA] PDF saved.
08-Apr-25 13:38:44 INFO     [32023D1487][HR] PDF saved.
08-Apr-25 13:38:47 INFO     [32023D1487][IT] PDF saved.
08-Apr-25 13:38:50 INFO     [32023D1487][LV] PDF saved.
08-Apr-25 13:38:53 INFO     [32023D1487][LT] PDF saved.
08-Apr-25 13:38:56 INFO     [32023D1487][HU] PDF saved.
08-Apr-25 13:38:59 INFO     [32023D1487][MT] PDF saved.
08-Apr-25 13:39:01 INFO     [32023D1487][NL] PDF saved.
08-Apr-25 13:39:04 INFO     [32023D1487][PL] PDF saved.
08-Apr-25 13:39:07 INFO     [32023D1487][PT] PDF saved.
08-Apr-25 13:39:10 INFO     [32023D1487][RO] PDF saved.
08-Apr-25 13:39:14 INFO     [32023D1487][SK] PDF saved.
08-Apr-25 13:39:17 INFO     [32023D1487][SL] PDF saved.
08-Apr-25 13:39:19 INFO     [32023D1487][FI] PDF saved.
08-Apr-25 13:39:22 INFO     [32023D1487][SV] PDF saved.
08-Apr-25 13:39:25 INFO     [32023D1160][BG] PDF saved.
08-Apr-25 13:39:28 INFO     [32023D1160][ES] PDF saved.
08-Apr-25 13:39:31 INFO     [32023D1160][CS] PDF saved.
08-Apr-25 13:39:34 INFO     [32023D1160][DA] PDF saved.
08-Apr-25 13:39:37 INFO     [32023D1160][DE] PDF saved.
08-Apr-25 13:39:40 INFO     [32023D1160][ET] PDF saved.
08-Apr-25 13:39:43 INFO     [32023D1160][EL] PDF saved.
08-Apr-25 13:39:46 INFO     [32023D1160][EN] PDF saved.
08-Apr-25 13:39:49 INFO     [32023D1160][FR] PDF saved.
08-Apr-25 13:39:53 INFO     [32023D1160][GA] PDF saved.
08-Apr-25 13:39:56 INFO     [32023D1160][HR] PDF saved.
08-Apr-25 13:39:59 INFO     [32023D1160][IT] PDF saved.
08-Apr-25 13:40:02 INFO     [32023D1160][LV] PDF saved.
08-Apr-25 13:40:05 INFO     [32023D1160][LT] PDF saved.
08-Apr-25 13:40:08 INFO     [32023D1160][HU] PDF saved.
08-Apr-25 13:40:11 INFO     [32023D1160][MT] PDF saved.
08-Apr-25 13:40:14 INFO     [32023D1160][NL] PDF saved.
08-Apr-25 13:40:17 INFO     [32023D1160][PL] PDF saved.
08-Apr-25 13:40:20 INFO     [32023D1160][PT] PDF saved.
08-Apr-25 13:40:23 INFO     [32023D1160][RO] PDF saved.
08-Apr-25 13:40:26 INFO     [32023D1160][SK] PDF saved.
08-Apr-25 13:40:29 INFO     [32023D1160][SL] PDF saved.
08-Apr-25 13:40:32 INFO     [32023D1160][FI] PDF saved.
08-Apr-25 13:40:35 INFO     [32023D1160][SV] PDF saved.
08-Apr-25 13:40:38 INFO     [32023D0856][BG] PDF saved.
08-Apr-25 13:40:41 INFO     [32023D0856][ES] PDF saved.
08-Apr-25 13:40:44 INFO     [32023D0856][CS] PDF saved.
08-Apr-25 13:40:47 INFO     [32023D0856][DA] PDF saved.
08-Apr-25 13:40:50 INFO     [32023D0856][DE] PDF saved.
08-Apr-25 13:40:53 INFO     [32023D0856][ET] PDF saved.
08-Apr-25 13:40:56 INFO     [32023D0856][EL] PDF saved.
08-Apr-25 13:40:59 INFO     [32023D0856][EN] PDF saved.
08-Apr-25 13:41:02 INFO     [32023D0856][FR] PDF saved.
08-Apr-25 13:41:05 INFO     [32023D0856][GA] PDF saved.
08-Apr-25 13:41:08 INFO     [32023D0856][HR] PDF saved.
08-Apr-25 13:41:11 INFO     [32023D0856][IT] PDF saved.
08-Apr-25 13:41:15 INFO     [32023D0856][LV] PDF saved.
08-Apr-25 13:41:18 INFO     [32023D0856][LT] PDF saved.
08-Apr-25 13:41:21 INFO     [32023D0856][HU] PDF saved.
08-Apr-25 13:41:24 INFO     [32023D0856][MT] PDF saved.
08-Apr-25 13:41:27 INFO     [32023D0856][NL] PDF saved.
08-Apr-25 13:41:30 INFO     [32023D0856][PL] PDF saved.
08-Apr-25 13:41:33 INFO     [32023D0856][PT] PDF saved.
08-Apr-25 13:41:36 INFO     [32023D0856][RO] PDF saved.
08-Apr-25 13:41:39 INFO     [32023D0856][SK] PDF saved.
08-Apr-25 13:41:42 INFO     [32023D0856][SL] PDF saved.
08-Apr-25 13:41:45 INFO     [32023D0856][FI] PDF saved.
08-Apr-25 13:41:48 INFO     [32023D0856][SV] PDF saved.
08-Apr-25 13:41:51 INFO     [32023D0694][BG] PDF saved.
08-Apr-25 13:41:54 INFO     [32023D0694][ES] PDF saved.
08-Apr-25 13:41:57 INFO     [32023D0694][CS] PDF saved.
08-Apr-25 13:42:00 INFO     [32023D0694][DA] PDF saved.
08-Apr-25 13:42:03 INFO     [32023D0694][DE] PDF saved.
08-Apr-25 13:42:06 INFO     [32023D0694][ET] PDF saved.
08-Apr-25 13:42:09 INFO     [32023D0694][EL] PDF saved.
08-Apr-25 13:42:12 INFO     [32023D0694][EN] PDF saved.
08-Apr-25 13:42:15 INFO     [32023D0694][FR] PDF saved.
08-Apr-25 13:42:18 INFO     [32023D0694][GA] PDF saved.
08-Apr-25 13:42:21 INFO     [32023D0694][HR] PDF saved.
08-Apr-25 13:42:24 INFO     [32023D0694][IT] PDF saved.
08-Apr-25 13:42:27 INFO     [32023D0694][LV] PDF saved.
08-Apr-25 13:42:30 INFO     [32023D0694][LT] PDF saved.
08-Apr-25 13:42:33 INFO     [32023D0694][HU] PDF saved.
08-Apr-25 13:42:36 INFO     [32023D0694][MT] PDF saved.
08-Apr-25 13:42:39 INFO     [32023D0694][NL] PDF saved.
08-Apr-25 13:42:42 INFO     [32023D0694][PL] PDF saved.
08-Apr-25 13:42:45 INFO     [32023D0694][PT] PDF saved.
08-Apr-25 13:42:48 INFO     [32023D0694][RO] PDF saved.
08-Apr-25 13:42:51 INFO     [32023D0694][SK] PDF saved.
08-Apr-25 13:42:54 INFO     [32023D0694][SL] PDF saved.
08-Apr-25 13:42:57 INFO     [32023D0694][FI] PDF saved.
08-Apr-25 13:43:00 INFO     [32023D0694][SV] PDF saved.
08-Apr-25 13:43:03 INFO     [32023D0437][BG] PDF saved.
08-Apr-25 13:43:06 INFO     [32023D0437][ES] PDF saved.
08-Apr-25 13:43:09 INFO     [32023D0437][CS] PDF saved.
08-Apr-25 13:43:12 INFO     [32023D0437][DA] PDF saved.
08-Apr-25 13:43:15 INFO     [32023D0437][DE] PDF saved.
08-Apr-25 13:43:18 INFO     [32023D0437][ET] PDF saved.
08-Apr-25 13:43:21 INFO     [32023D0437][EL] PDF saved.
08-Apr-25 13:43:25 INFO     [32023D0437][EN] PDF saved.
08-Apr-25 13:43:28 INFO     [32023D0437][FR] PDF saved.
08-Apr-25 13:43:31 INFO     [32023D0437][GA] PDF saved.
08-Apr-25 13:43:34 INFO     [32023D0437][HR] PDF saved.
08-Apr-25 13:43:36 INFO     [32023D0437][IT] PDF saved.
08-Apr-25 13:43:40 INFO     [32023D0437][LV] PDF saved.
08-Apr-25 13:43:43 INFO     [32023D0437][LT] PDF saved.
08-Apr-25 13:43:46 INFO     [32023D0437][HU] PDF saved.
08-Apr-25 13:43:49 INFO     [32023D0437][MT] PDF saved.
08-Apr-25 13:43:52 INFO     [32023D0437][NL] PDF saved.
08-Apr-25 13:43:55 INFO     [32023D0437][PL] PDF saved.
08-Apr-25 13:43:58 INFO     [32023D0437][PT] PDF saved.
08-Apr-25 13:44:01 INFO     [32023D0437][RO] PDF saved.
08-Apr-25 13:44:04 INFO     [32023D0437][SK] PDF saved.
08-Apr-25 13:44:07 INFO     [32023D0437][SL] PDF saved.
08-Apr-25 13:44:10 INFO     [32023D0437][FI] PDF saved.
08-Apr-25 13:44:13 INFO     [32023D0437][SV] PDF saved.
08-Apr-25 13:44:16 INFO     [32023D0165][BG] PDF saved.
08-Apr-25 13:44:19 INFO     [32023D0165][ES] PDF saved.
08-Apr-25 13:44:22 INFO     [32023D0165][CS] PDF saved.
08-Apr-25 13:44:25 INFO     [32023D0165][DA] PDF saved.
08-Apr-25 13:44:28 INFO     [32023D0165][DE] PDF saved.
08-Apr-25 13:44:31 INFO     [32023D0165][ET] PDF saved.
08-Apr-25 13:44:34 INFO     [32023D0165][EL] PDF saved.
08-Apr-25 13:44:37 INFO     [32023D0165][EN] PDF saved.
08-Apr-25 13:44:40 INFO     [32023D0165][FR] PDF saved.
08-Apr-25 13:44:43 INFO     [32023D0165][GA] PDF saved.
08-Apr-25 13:44:46 INFO     [32023D0165][HR] PDF saved.
08-Apr-25 13:44:49 INFO     [32023D0165][IT] PDF saved.
08-Apr-25 13:44:52 INFO     [32023D0165][LV] PDF saved.
08-Apr-25 13:44:55 INFO     [32023D0165][LT] PDF saved.
08-Apr-25 13:44:58 INFO     [32023D0165][HU] PDF saved.
08-Apr-25 13:45:01 INFO     [32023D0165][MT] PDF saved.
08-Apr-25 13:45:04 INFO     [32023D0165][NL] PDF saved.
08-Apr-25 13:45:07 INFO     [32023D0165][PL] PDF saved.
08-Apr-25 13:45:10 INFO     [32023D0165][PT] PDF saved.
08-Apr-25 13:45:13 INFO     [32023D0165][RO] PDF saved.
08-Apr-25 13:45:16 INFO     [32023D0165][SK] PDF saved.
08-Apr-25 13:45:19 INFO     [32023D0165][SL] PDF saved.
08-Apr-25 13:45:22 INFO     [32023D0165][FI] PDF saved.
08-Apr-25 13:45:24 INFO     [32023D0165][SV] PDF saved.
08-Apr-25 13:45:25 INFO     Execution completed in 835.50 seconds
